
Memory Configuration

Name             Origin             Length             Attributes
MEM              0x00000000         0x04000000         xrw
*default*        0x00000000         0xffffffff

Linker script and memory map

                0x00010000                . = 0x10000

.startup        0x00010000       0x10
 startup.o(.text)
 .text          0x00010000       0x10 startup.o
                0x00010000                reset

.text           0x00010010       0x74
 *(.text)
 .text          0x00010010       0x20 main.o
                0x00010010                main
 .text          0x00010030       0x54 uart.o
                0x00010030                Uart_Send
 *(.rodata)

.glue_7         0x00010084        0x0
 .glue_7        0x00010084        0x0 linker stubs

.glue_7t        0x00010084        0x0
 .glue_7t       0x00010084        0x0 linker stubs

.vfp11_veneer   0x00010084        0x0
 .vfp11_veneer  0x00010084        0x0 linker stubs

.v4_bx          0x00010084        0x0
 .v4_bx         0x00010084        0x0 linker stubs

.iplt           0x00010084        0x0
 .iplt          0x00010084        0x0 startup.o

.rel.dyn        0x00010084        0x0
 .rel.iplt      0x00010084        0x0 startup.o

.data           0x00010084       0x14
 *(.data)
 .data          0x00010084        0x0 startup.o
 .data          0x00010084       0x14 main.o
                0x00010084                name
 .data          0x00010098        0x0 uart.o

.igot.plt       0x00010098        0x0
 .igot.plt      0x00010098        0x0 startup.o

.bss            0x00010098        0x0
 *(.bss)
 .bss           0x00010098        0x0 startup.o
 .bss           0x00010098        0x0 main.o
 .bss           0x00010098        0x0 uart.o
 *(COMMON)
                0x00011098                . = (. + 0x1000)
                0x00011098                stack_top = .
LOAD startup.o
LOAD main.o
LOAD uart.o
OUTPUT(learn-in-depth.elf elf32-littlearm)

.ARM.attributes
                0x00000000       0x2e
 .ARM.attributes
                0x00000000       0x22 startup.o
 .ARM.attributes
                0x00000022       0x32 main.o
 .ARM.attributes
                0x00000054       0x32 uart.o

.comment        0x00000000       0x7e
 .comment       0x00000000       0x7e main.o
                                 0x7f (size before relaxing)
 .comment       0x0000007e       0x7f uart.o

.debug_line     0x00000000       0xaa
 .debug_line    0x00000000       0x3a startup.o
 .debug_line    0x0000003a       0x37 main.o
 .debug_line    0x00000071       0x39 uart.o

.debug_info     0x00000000       0xee
 .debug_info    0x00000000       0x26 startup.o
 .debug_info    0x00000026       0x71 main.o
 .debug_info    0x00000097       0x57 uart.o

.debug_abbrev   0x00000000       0xca
 .debug_abbrev  0x00000000       0x14 startup.o
 .debug_abbrev  0x00000014       0x65 main.o
 .debug_abbrev  0x00000079       0x51 uart.o

.debug_aranges  0x00000000       0x60
 .debug_aranges
                0x00000000       0x20 startup.o
 .debug_aranges
                0x00000020       0x20 main.o
 .debug_aranges
                0x00000040       0x20 uart.o

.debug_str      0x00000000       0xec
 .debug_str     0x00000000       0x4a startup.o
 .debug_str     0x0000004a       0x89 main.o
                                 0xba (size before relaxing)
 .debug_str     0x000000d3       0x19 uart.o
                                 0xb5 (size before relaxing)

.debug_frame    0x00000000       0x5c
 .debug_frame   0x00000000       0x2c main.o
 .debug_frame   0x0000002c       0x30 uart.o
