EXTI.c:49:6:MCAL_EXTI_GPIO_Init	16	static
EXTI.c:60:6:MCAL_EXTI_GPIO_DeInit	4	static
EXTI.c:87:6:MCAL_EXTI_GPIO_Update	16	static
EXTI.c:92:13:Update_EXTI	24	static
EXTI.c:173:6:EXTI0_IRQHandler	8	static
EXTI.c:184:6:EXTI1_IRQHandler	8	static
EXTI.c:195:6:EXTI2_IRQHandler	8	static
EXTI.c:206:6:EXTI3_IRQHandler	8	static
EXTI.c:217:6:EXTI4_IRQHandler	8	static
EXTI.c:228:6:EXTI9_5_IRQHandler	8	static
EXTI.c:238:6:EXTI15_10_IRQHandler	8	static
EXTI.c:248:13:Enable_NVIC	16	static
EXTI.c:271:13:Disable_NVIC	16	static
