01:57:26 **** Incremental Build of configuration Debug for project Stm32f103c8_Drivers ****
make -j8 all 
arm-none-eabi-gcc -gdwarf-2 "../Src/main.c" -mcpu=cortex-m3 -std=gnu11 -g3 -DSTM32 -DSTM32F1 -DSTM32F103C8Tx -DDEBUG -c -I../Inc -I"E:/GitHubRepo/Master-Embedded-Systems/Stm32f103c8_Drivers/MCAL" -I"E:/GitHubRepo/Master-Embedded-Systems/Stm32f103c8_Drivers/HAL" -I"E:/GitHubRepo/Master-Embedded-Systems/Stm32f103c8_Drivers/MCAL/GPIO" -I"E:/GitHubRepo/Master-Embedded-Systems/Stm32f103c8_Drivers/MCAL/LIBS" -O0 -ffunction-sections -fdata-sections -Wall -fstack-usage -MMD -MP -MF"Src/main.d" -MT"Src/main.o" --specs=nano.specs -mfloat-abi=soft -mthumb -o "Src/main.o"
../Src/main.c: In function 'Uart1_Isr':
../Src/main.c:66:32: warning: passing argument 2 of 'MCAL_UART_ReceiveData' from incompatible pointer type [-Wincompatible-pointer-types]
  MCAL_UART_ReceiveData(USART1, &uart_val, USART_disable);
                                ^
In file included from ../Src/main.c:31:0:
E:/GitHubRepo/Master-Embedded-Systems/Stm32f103c8_Drivers/MCAL/USART/USART.h:132:6: note: expected 'uint16 * {aka short unsigned int *}' but argument is of type 'volatile vuint8 * {aka volatile unsigned char *}'
 void MCAL_UART_ReceiveData(USART_Typedef_t* USARTx, uint16* pRxBuffer, enum Polling_mechanism PollingEn);
      ^~~~~~~~~~~~~~~~~~~~~
../Src/main.c:69:23: warning: passing argument 2 of 'MCAL_SPI_TX_RX' from incompatible pointer type [-Wincompatible-pointer-types]
  MCAL_SPI_TX_RX(SPI1, &uart_val, SPI_enable);
                       ^
In file included from ../Src/main.c:32:0:
E:/GitHubRepo/Master-Embedded-Systems/Stm32f103c8_Drivers/MCAL/SPI/SPI.h:137:6: note: expected 'uint16 * {aka short unsigned int *}' but argument is of type 'volatile vuint8 * {aka volatile unsigned char *}'
 void MCAL_SPI_TX_RX(SPI_Typedef_t *SPIx, uint16 *pTxBuffer, enum Polling_Mechanism Polling_En);
      ^~~~~~~~~~~~~~
arm-none-eabi-gcc -gdwarf-2 -o "Stm32f103c8_Drivers.elf" @"objects.list"   -mcpu=cortex-m3 -T"E:\GitHubRepo\Master-Embedded-Systems\Stm32f103c8_Drivers\STM32F103C8TX_FLASH.ld" --specs=nosys.specs -Wl,-Map="Stm32f103c8_Drivers.map" -Wl,--gc-sections -static --specs=nano.specs -mfloat-abi=soft -mthumb -Wl,--start-group -lc -lm -Wl,--end-group
Finished building target: Stm32f103c8_Drivers.elf
 
arm-none-eabi-objdump -h -S  Stm32f103c8_Drivers.elf  > "Stm32f103c8_Drivers.list"
arm-none-eabi-objcopy  -O binary  Stm32f103c8_Drivers.elf  "Stm32f103c8_Drivers.bin"
arm-none-eabi-size   Stm32f103c8_Drivers.elf 
   text	   data	    bss	    dec	    hex	filename
   4824	     12	   1700	   6536	   1988	Stm32f103c8_Drivers.elf
Finished building: Stm32f103c8_Drivers.bin
Finished building: Stm32f103c8_Drivers.list
Finished building: default.size.stdout
 
 
 
